2026-08-16T00:36:02Z Engineer start paper_id=synthetic_optimize run_id=R14 free_memory_gb=6.11
2026-08-16T00:36:02Z Plan: /Users/school/ResearchAssistant/data/papers/synthetic_optimize/synthetic_optimize_plan.json
2026-08-16T00:36:02Z Workspace: /Users/school/ResearchAssistant/data/papers/synthetic_optimize/runs/R14/_workspace language=python
2026-08-16T00:36:02Z Phase start id=setup title='Install Python dependencies' goal='Install numpy, scikit-optimize, and scipy into the paper venv.' depends_on=[]
2026-08-16T00:36:02Z Rewrote command for paper venv: 'python -m venv --clear .venv && .venv/bin/pip install -U pip && .venv/bin/pip install numpy scipy scikit-optimize'
2026-08-16T00:36:02Z Attempt 1/3 step=setup__setup cmd='python -m venv --clear .venv && .venv/bin/pip install -U pip && .venv/bin/pip install numpy scipy scikit-optimize'
2026-08-16T00:36:21Z Attempt 1 exit_code=0 timed_out=False runtime=18.86s
2026-08-16T00:36:21Z No metrics captured: stdout was not JSON
2026-08-16T00:36:21Z Phase start id=engineer_code title='Engineer implements optimization suite' goal='Write one Python CLI, run_all.py, that prints one JSON metrics object to stdout.' depends_on=['setup']
2026-08-16T00:36:21Z Using reference artifacts for phase=engineer_code: run_all.py
2026-08-16T00:36:21Z Attempt 1/3 step=engineer_code__acceptance cmd='.venv/bin/python run_all.py --function sphere --optimizer random_search --seed 0'
2026-08-16T00:36:22Z Attempt 1 exit_code=0 timed_out=False runtime=1.31s
2026-08-16T00:36:22Z Attempt 1/3 step=engineer_code__acceptance cmd='.venv/bin/python run_all.py --function ackley --optimizer bayesian_optimization --seed 0'
2026-08-16T00:36:30Z Attempt 1 exit_code=0 timed_out=False runtime=7.47s
2026-08-16T00:36:30Z Attempt 1/3 step=engineer_code__acceptance cmd='.venv/bin/python run_all.py --function griewank --optimizer random_search --seed 0'
2026-08-16T00:36:31Z Attempt 1 exit_code=0 timed_out=False runtime=1.30s
2026-08-16T00:36:31Z Phase start id=synthetic_suite title='Execute optimization benchmark suite' goal='Run 20 complete optimization experiments: 5 functions × 2 optimizers × 2 seeds. Collect convergence metrics.' depends_on=['engineer_code']
2026-08-16T00:36:31Z Rewrote command for paper venv: '.venv/bin/python run_all.py --function sphere --optimizer random_search --seed 0'
2026-08-16T00:36:31Z Attempt 1/3 step=synthetic_suite__sphere_random_seed0 cmd='.venv/bin/python run_all.py --function sphere --optimizer random_search --seed 0'
2026-08-16T00:36:32Z Attempt 1 exit_code=0 timed_out=False runtime=1.26s
2026-08-16T00:36:32Z Captured 2 metric(s) from stdout
2026-08-16T00:36:32Z Rewrote command for paper venv: '.venv/bin/python run_all.py --function sphere --optimizer random_search --seed 1'
2026-08-16T00:36:32Z Attempt 1/3 step=synthetic_suite__sphere_random_seed1 cmd='.venv/bin/python run_all.py --function sphere --optimizer random_search --seed 1'
2026-08-16T00:36:33Z Attempt 1 exit_code=0 timed_out=False runtime=1.28s
2026-08-16T00:36:33Z Captured 2 metric(s) from stdout
2026-08-16T00:36:33Z Rewrote command for paper venv: '.venv/bin/python run_all.py --function sphere --optimizer bayesian_optimization --seed 0'
2026-08-16T00:36:33Z Attempt 1/3 step=synthetic_suite__sphere_bayesian_seed0 cmd='.venv/bin/python run_all.py --function sphere --optimizer bayesian_optimization --seed 0'
2026-08-16T00:36:46Z Attempt 1 exit_code=0 timed_out=False runtime=13.02s
2026-08-16T00:36:46Z Captured 2 metric(s) from stdout
2026-08-16T00:36:46Z Rewrote command for paper venv: '.venv/bin/python run_all.py --function sphere --optimizer bayesian_optimization --seed 1'
2026-08-16T00:36:46Z Attempt 1/3 step=synthetic_suite__sphere_bayesian_seed1 cmd='.venv/bin/python run_all.py --function sphere --optimizer bayesian_optimization --seed 1'
2026-08-16T00:37:01Z Attempt 1 exit_code=0 timed_out=False runtime=14.32s
2026-08-16T00:37:01Z Captured 2 metric(s) from stdout
2026-08-16T00:37:01Z Rewrote command for paper venv: '.venv/bin/python run_all.py --function rastrigin --optimizer random_search --seed 0'
2026-08-16T00:37:01Z Attempt 1/3 step=synthetic_suite__rastrigin_random_seed0 cmd='.venv/bin/python run_all.py --function rastrigin --optimizer random_search --seed 0'
2026-08-16T00:37:02Z Attempt 1 exit_code=0 timed_out=False runtime=1.30s
2026-08-16T00:37:02Z Captured 2 metric(s) from stdout
2026-08-16T00:37:02Z Rewrote command for paper venv: '.venv/bin/python run_all.py --function rastrigin --optimizer random_search --seed 1'
2026-08-16T00:37:02Z Attempt 1/3 step=synthetic_suite__rastrigin_random_seed1 cmd='.venv/bin/python run_all.py --function rastrigin --optimizer random_search --seed 1'
2026-08-16T00:37:03Z Attempt 1 exit_code=0 timed_out=False runtime=1.28s
2026-08-16T00:37:03Z Captured 2 metric(s) from stdout
2026-08-16T00:37:03Z Rewrote command for paper venv: '.venv/bin/python run_all.py --function rastrigin --optimizer bayesian_optimization --seed 0'
2026-08-16T00:37:03Z Attempt 1/3 step=synthetic_suite__rastrigin_bayesian_seed0 cmd='.venv/bin/python run_all.py --function rastrigin --optimizer bayesian_optimization --seed 0'
2026-08-16T00:37:16Z Attempt 1 exit_code=0 timed_out=False runtime=12.84s
2026-08-16T00:37:16Z Captured 2 metric(s) from stdout
2026-08-16T00:37:16Z Rewrote command for paper venv: '.venv/bin/python run_all.py --function rastrigin --optimizer bayesian_optimization --seed 1'
2026-08-16T00:37:16Z Attempt 1/3 step=synthetic_suite__rastrigin_bayesian_seed1 cmd='.venv/bin/python run_all.py --function rastrigin --optimizer bayesian_optimization --seed 1'
2026-08-16T00:37:27Z Attempt 1 exit_code=0 timed_out=False runtime=10.84s
2026-08-16T00:37:27Z Captured 2 metric(s) from stdout
2026-08-16T00:37:27Z Rewrote command for paper venv: '.venv/bin/python run_all.py --function ackley --optimizer random_search --seed 0'
2026-08-16T00:37:27Z Attempt 1/3 step=synthetic_suite__ackley_random_seed0 cmd='.venv/bin/python run_all.py --function ackley --optimizer random_search --seed 0'
2026-08-16T00:37:28Z Attempt 1 exit_code=0 timed_out=False runtime=1.27s
2026-08-16T00:37:28Z Captured 2 metric(s) from stdout
2026-08-16T00:37:28Z Rewrote command for paper venv: '.venv/bin/python run_all.py --function ackley --optimizer random_search --seed 1'
2026-08-16T00:37:28Z Attempt 1/3 step=synthetic_suite__ackley_random_seed1 cmd='.venv/bin/python run_all.py --function ackley --optimizer random_search --seed 1'
2026-08-16T00:37:30Z Attempt 1 exit_code=0 timed_out=False runtime=1.28s
2026-08-16T00:37:30Z Captured 2 metric(s) from stdout
2026-08-16T00:37:30Z Rewrote command for paper venv: '.venv/bin/python run_all.py --function ackley --optimizer bayesian_optimization --seed 0'
2026-08-16T00:37:30Z Attempt 1/3 step=synthetic_suite__ackley_bayesian_seed0 cmd='.venv/bin/python run_all.py --function ackley --optimizer bayesian_optimization --seed 0'
2026-08-16T00:37:37Z Attempt 1 exit_code=0 timed_out=False runtime=7.18s
2026-08-16T00:37:37Z Captured 2 metric(s) from stdout
2026-08-16T00:37:37Z Rewrote command for paper venv: '.venv/bin/python run_all.py --function ackley --optimizer bayesian_optimization --seed 1'
2026-08-16T00:37:37Z Attempt 1/3 step=synthetic_suite__ackley_bayesian_seed1 cmd='.venv/bin/python run_all.py --function ackley --optimizer bayesian_optimization --seed 1'
2026-08-16T00:37:45Z Attempt 1 exit_code=0 timed_out=False runtime=8.10s
2026-08-16T00:37:45Z Captured 2 metric(s) from stdout
2026-08-16T00:37:45Z Rewrote command for paper venv: '.venv/bin/python run_all.py --function rosenbrock --optimizer random_search --seed 0'
2026-08-16T00:37:45Z Attempt 1/3 step=synthetic_suite__rosenbrock_random_seed0 cmd='.venv/bin/python run_all.py --function rosenbrock --optimizer random_search --seed 0'
2026-08-16T00:37:46Z Attempt 1 exit_code=0 timed_out=False runtime=1.31s
2026-08-16T00:37:46Z Captured 2 metric(s) from stdout
2026-08-16T00:37:46Z Rewrote command for paper venv: '.venv/bin/python run_all.py --function rosenbrock --optimizer random_search --seed 1'
2026-08-16T00:37:46Z Attempt 1/3 step=synthetic_suite__rosenbrock_random_seed1 cmd='.venv/bin/python run_all.py --function rosenbrock --optimizer random_search --seed 1'
2026-08-16T00:37:48Z Attempt 1 exit_code=0 timed_out=False runtime=1.32s
2026-08-16T00:37:48Z Captured 2 metric(s) from stdout
2026-08-16T00:37:48Z Rewrote command for paper venv: '.venv/bin/python run_all.py --function rosenbrock --optimizer bayesian_optimization --seed 0'
2026-08-16T00:37:48Z Attempt 1/3 step=synthetic_suite__rosenbrock_bayesian_seed0 cmd='.venv/bin/python run_all.py --function rosenbrock --optimizer bayesian_optimization --seed 0'
2026-08-16T00:37:59Z Attempt 1 exit_code=0 timed_out=False runtime=11.55s
2026-08-16T00:37:59Z Captured 2 metric(s) from stdout
2026-08-16T00:37:59Z Rewrote command for paper venv: '.venv/bin/python run_all.py --function rosenbrock --optimizer bayesian_optimization --seed 1'
2026-08-16T00:37:59Z Attempt 1/3 step=synthetic_suite__rosenbrock_bayesian_seed1 cmd='.venv/bin/python run_all.py --function rosenbrock --optimizer bayesian_optimization --seed 1'
2026-08-16T00:38:13Z Attempt 1 exit_code=0 timed_out=False runtime=13.27s
2026-08-16T00:38:13Z Captured 2 metric(s) from stdout
2026-08-16T00:38:13Z Rewrote command for paper venv: '.venv/bin/python run_all.py --function griewank --optimizer random_search --seed 0'
2026-08-16T00:38:13Z Attempt 1/3 step=synthetic_suite__griewank_random_seed0 cmd='.venv/bin/python run_all.py --function griewank --optimizer random_search --seed 0'
2026-08-16T00:38:14Z Attempt 1 exit_code=0 timed_out=False runtime=1.31s
2026-08-16T00:38:14Z Captured 2 metric(s) from stdout
2026-08-16T00:38:14Z Rewrote command for paper venv: '.venv/bin/python run_all.py --function griewank --optimizer random_search --seed 1'
2026-08-16T00:38:14Z Attempt 1/3 step=synthetic_suite__griewank_random_seed1 cmd='.venv/bin/python run_all.py --function griewank --optimizer random_search --seed 1'
2026-08-16T00:38:15Z Attempt 1 exit_code=0 timed_out=False runtime=1.27s
2026-08-16T00:38:15Z Captured 2 metric(s) from stdout
2026-08-16T00:38:15Z Rewrote command for paper venv: '.venv/bin/python run_all.py --function griewank --optimizer bayesian_optimization --seed 0'
2026-08-16T00:38:15Z Attempt 1/3 step=synthetic_suite__griewank_bayesian_seed0 cmd='.venv/bin/python run_all.py --function griewank --optimizer bayesian_optimization --seed 0'
2026-08-16T00:38:27Z Attempt 1 exit_code=0 timed_out=False runtime=12.35s
2026-08-16T00:38:27Z Captured 2 metric(s) from stdout
2026-08-16T00:38:27Z Rewrote command for paper venv: '.venv/bin/python run_all.py --function griewank --optimizer bayesian_optimization --seed 1'
2026-08-16T00:38:27Z Attempt 1/3 step=synthetic_suite__griewank_bayesian_seed1 cmd='.venv/bin/python run_all.py --function griewank --optimizer bayesian_optimization --seed 1'
2026-08-16T00:38:42Z Attempt 1 exit_code=0 timed_out=False runtime=14.14s
2026-08-16T00:38:42Z Captured 2 metric(s) from stdout
2026-08-16T00:38:42Z Engineer finished status=SUCCESS completed=['engineer_code', 'setup', 'synthetic_suite'] failed=[]
